
user@DESKTOP-3T8BL0B MINGW64 ~/Desktop/GitWork
$ git init
Initialized empty Git repository in C:/Users/user/Desktop/GitWork/.git/

user@DESKTOP-3T8BL0B MINGW64 ~/Desktop/GitWork (master)
$ git remote add origin https://github.com/ressimenrodriques/DevOps.git

user@DESKTOP-3T8BL0B MINGW64 ~/Desktop/GitWork (master)
$ git status
On branch master

No commits yet

Untracked files:
  (use "git add <file>..." to include in what will be committed)
        1.txt.txt

nothing added to commit but untracked files present (use "git add" to track)

user@DESKTOP-3T8BL0B MINGW64 ~/Desktop/GitWork (master)
$ git add 1.txt
fatal: pathspec '1.txt' did not match any files

user@DESKTOP-3T8BL0B MINGW64 ~/Desktop/GitWork (master)
$ git add 1.txt
fatal: pathspec '1.txt' did not match any files

user@DESKTOP-3T8BL0B MINGW64 ~/Desktop/GitWork (master)
$ git push -u origin master
error: src refspec master does not match any
error: failed to push some refs to 'https://github.com/ressimenrodriques/DevOps.git'

user@DESKTOP-3T8BL0B MINGW64 ~/Desktop/GitWork (master)
$ git add sample1.txt

user@DESKTOP-3T8BL0B MINGW64 ~/Desktop/GitWork (master)
$ git commit -m "initial commit"

*** Please tell me who you are.

Run

  git config --global user.email "you@example.com"
  git config --global user.name "Your Name"

to set your account's default identity.
Omit --global to set the identity only in this repository.

fatal: unable to auto-detect email address (got 'user@DESKTOP-3T8BL0B.(none)')

user@DESKTOP-3T8BL0B MINGW64 ~/Desktop/GitWork (master)
$ git config --global user.email "ressimenrodriquesx@gmail.com"

user@DESKTOP-3T8BL0B MINGW64 ~/Desktop/GitWork (master)
$ git config --global user.name "ressimenrodriques"

user@DESKTOP-3T8BL0B MINGW64 ~/Desktop/GitWork (master)
$ git commit -m "initial commit"
[master (root-commit) 72d0a9a] initial commit
 1 file changed, 0 insertions(+), 0 deletions(-)
 create mode 100644 sample1.txt

user@DESKTOP-3T8BL0B MINGW64 ~/Desktop/GitWork (master)
$ git add -A

user@DESKTOP-3T8BL0B MINGW64 ~/Desktop/GitWork (master)
$ git status
On branch master
Changes to be committed:
  (use "git restore --staged <file>..." to unstage)
        new file:   1.txt.txt
        new file:   sample2.txt
        new file:   sample3.txt
        new file:   sample4.txt


user@DESKTOP-3T8BL0B MINGW64 ~/Desktop/GitWork (master)
$ git commit -a -m "Multiple commit"
[master b8f83ef] Multiple commit
 4 files changed, 2 insertions(+)
 create mode 100644 1.txt.txt
 create mode 100644 sample2.txt
 create mode 100644 sample3.txt
 create mode 100644 sample4.txt

user@DESKTOP-3T8BL0B MINGW64 ~/Desktop/GitWork (master)
$ git status
On branch master
nothing to commit, working tree clean

user@DESKTOP-3T8BL0B MINGW64 ~/Desktop/GitWork (master)
$ git add sample5.txt

user@DESKTOP-3T8BL0B MINGW64 ~/Desktop/GitWork (master)
$ git status
On branch master
Changes to be committed:
  (use "git restore --staged <file>..." to unstage)
        new file:   sample5.txt


user@DESKTOP-3T8BL0B MINGW64 ~/Desktop/GitWork (master)
$ git commit
hint: Waiting for your editor to close the file...
 [main 2020-02-10T06:56:11.622Z] update#setState idle
[main 2020-02-10T06:56:41.648Z] update#setState checking for updates
[main 2020-02-10T06:56:43.446Z] update#setState idle
Aborting commit due to empty commit message.

user@DESKTOP-3T8BL0B MINGW64 ~/Desktop/GitWork (master)
$ git log
commit b8f83ef33d5099a9bb7926f84059a9a9ba4a1ab2 (HEAD -> master)
Author: ressimenrodriques <ressimenrodriquesx@gmail.com>
Date:   Mon Feb 10 12:23:44 2020 +0530

    Multiple commit

commit 72d0a9a833115e346046c42ea7c93d06a529bd4b
Author: ressimenrodriques <ressimenrodriquesx@gmail.com>
Date:   Mon Feb 10 12:16:35 2020 +0530

    initial commit

user@DESKTOP-3T8BL0B MINGW64 ~/Desktop/GitWork (master)
$ git branch branch1

user@DESKTOP-3T8BL0B MINGW64 ~/Desktop/GitWork (master)
$ git checkout branch1
Switched to branch 'branch1'
A       sample5.txt

user@DESKTOP-3T8BL0B MINGW64 ~/Desktop/GitWork (branch1)
$ ls
1.txt.txt  sample1.txt  sample2.txt  sample3.txt  sample4.txt  sample5.txt

user@DESKTOP-3T8BL0B MINGW64 ~/Desktop/GitWork (branch1)
$ git status
On branch branch1
Changes to be committed:
  (use "git restore --staged <file>..." to unstage)
        new file:   sample5.txt

Untracked files:
  (use "git add <file>..." to include in what will be committed)
        sample6.txt


user@DESKTOP-3T8BL0B MINGW64 ~/Desktop/GitWork (branch1)
$ git add sample6.txt

user@DESKTOP-3T8BL0B MINGW64 ~/Desktop/GitWork (branch1)
$ git status
On branch branch1
Changes to be committed:
  (use "git restore --staged <file>..." to unstage)
        new file:   sample5.txt
        new file:   sample6.txt


user@DESKTOP-3T8BL0B MINGW64 ~/Desktop/GitWork (branch1)
$ git commit -m "Branch1 file"
[branch1 557678d] Branch1 file
 2 files changed, 0 insertions(+), 0 deletions(-)
 create mode 100644 sample5.txt
 create mode 100644 sample6.txt

user@DESKTOP-3T8BL0B MINGW64 ~/Desktop/GitWork (branch1)
$ ls
1.txt.txt  sample1.txt  sample2.txt  sample3.txt  sample4.txt  sample5.txt  sample6.txt

user@DESKTOP-3T8BL0B MINGW64 ~/Desktop/GitWork (branch1)
$ git checkout master
Switched to branch 'master'

user@DESKTOP-3T8BL0B MINGW64 ~/Desktop/GitWork (master)
$ ls
1.txt.txt  sample1.txt  sample2.txt  sample3.txt  sample4.txt

user@DESKTOP-3T8BL0B MINGW64 ~/Desktop/GitWork (master)
$ git checkout branch1
Switched to branch 'branch1'

user@DESKTOP-3T8BL0B MINGW64 ~/Desktop/GitWork (branch1)
$ git checkout master
Switched to branch 'master'

user@DESKTOP-3T8BL0B MINGW64 ~/Desktop/GitWork (master)
$ git merge branch1
Updating b8f83ef..557678d
Fast-forward
 sample5.txt | 0
 sample6.txt | 0
 2 files changed, 0 insertions(+), 0 deletions(-)
 create mode 100644 sample5.txt
 create mode 100644 sample6.txt

user@DESKTOP-3T8BL0B MINGW64 ~/Desktop/GitWork (master)
$ ls
1.txt.txt  sample1.txt  sample2.txt  sample3.txt  sample4.txt  sample5.txt  sample6.txt

user@DESKTOP-3T8BL0B MINGW64 ~/Desktop/GitWork (master)
$ git checkout branch1
Switched to branch 'branch1'

user@DESKTOP-3T8BL0B MINGW64 ~/Desktop/GitWork (branch1)
$ git add -A

user@DESKTOP-3T8BL0B MINGW64 ~/Desktop/GitWork (branch1)
$ git status
On branch branch1
Changes to be committed:
  (use "git restore --staged <file>..." to unstage)
        new file:   sample7.txt
        new file:   sample8.txt
        new file:   sample9.txt


user@DESKTOP-3T8BL0B MINGW64 ~/Desktop/GitWork (branch1)
$ git commit -a -m "Branch multiple file"
[branch1 a5b9e39] Branch multiple file
 3 files changed, 0 insertions(+), 0 deletions(-)
 create mode 100644 sample7.txt
 create mode 100644 sample8.txt
 create mode 100644 sample9.txt

user@DESKTOP-3T8BL0B MINGW64 ~/Desktop/GitWork (branch1)
$ ls
1.txt.txt  sample1.txt  sample2.txt  sample3.txt  sample4.txt  sample5.txt  sample6.txt  sample7.txt  sample8.txt  sample9.txt

user@DESKTOP-3T8BL0B MINGW64 ~/Desktop/GitWork (branch1)
$ git log
commit a5b9e390d8b3502f3ffa2fad39c0dee59d5256fa (HEAD -> branch1)
Author: ressimenrodriques <ressimenrodriquesx@gmail.com>
Date:   Mon Feb 10 14:20:13 2020 +0530

    Branch multiple file

commit 557678d9b2ffbf07593b44c1afdcefefeb2c3e7f (master)
Author: ressimenrodriques <ressimenrodriquesx@gmail.com>
Date:   Mon Feb 10 14:07:58 2020 +0530

    Branch1 file

commit b8f83ef33d5099a9bb7926f84059a9a9ba4a1ab2
Author: ressimenrodriques <ressimenrodriquesx@gmail.com>
Date:   Mon Feb 10 12:23:44 2020 +0530

    Multiple commit

commit 72d0a9a833115e346046c42ea7c93d06a529bd4b
Author: ressimenrodriques <ressimenrodriquesx@gmail.com>
Date:   Mon Feb 10 12:16:35 2020 +0530

    initial commit

user@DESKTOP-3T8BL0B MINGW64 ~/Desktop/GitWork (branch1)
$